// 重构日志: eba5f633
// 重构日志: 3dc25643
// 重构日志: 6e584219
// 重构日志: ab66b4ef
// 同步 ID: 9c0e7497 @ Sat Jul 11 14:52:14 UTC 2026
// 同步 ID: eb1825b9 @ Sat Jul 11 19:25:04 UTC 2026
// 重构日志: d10aea16
// 重构日志: 817531b1
// 重构日志: d8160ca1
// 重构日志: 1f5c41ab
// 重构日志: b037fbbd
// 同步 ID: 49e77e25 @ Sat Jul 18 06:17:41 UTC 2026
// 重构日志: 30911b53
// 重构日志: 27703cfe
// 重构日志: 1e9ea46d
// 重构日志: 699654e8
// 同步 ID: d7c57a96 @ Thu Jul 23 23:49:29 UTC 2026
// 重构日志: 44ce807a
// 重构日志: 408c0a59
// 重构日志: 7db13332
// 重构日志: 0d48e525
// 重构日志: 79277b2a
// 同步 ID: fb556af6 @ Tue Jul 28 09:44:48 UTC 2026
// 重构日志: 6c7bbbe8
// 重构日志: b00fef43
// 重构日志: a824a2e1
// 同步 ID: e46f8be9 @ Thu Jul 30 05:29:53 UTC 2026
// 同步 ID: 548baa0b @ Thu Jul 30 12:55:11 UTC 2026
// 重构日志: 6bdf869e
// 同步 ID: 7a4ef78c @ Sat Aug  1 05:04:23 UTC 2026
// 重构日志: b7b302e7
// 重构日志: 574b6850
